border_size=1
usage=map

Xu          , Xu          , Xu          , Xu          , Xu          , Xu          , Xu          , Xu          , Xu          , Xu          , Xu          , Xu          , Xu          , Xu          , Xu          , Xu          , Xu          , Xu          , Xu          , Xu          , Xu          , Xu          , Xu          , Xu          , Xu          , Xu          , Xu          , Xu          , Xu          , Xu          , Uh          , Ur          , Ur          , Uh          , Xu          , Xu          , Xu          , Xu          , Xu          , Xu          , Xu          , Xu          , Xu          , Xu          , Xu          , Wog         , Wog         , Xu          , Xu          , Xu          , Xu          , Xu          , Xu          , Xu          , Xu          , Xu          , Xu          , Xu          , Xu          , Xu          , Xu          , Xu          , Xu          , Xu          , Xu          , Xu          , Xu          
Xu          , Xu          , Xu          , Xu          , Xu          , Xu          , Xu          , Xu          , Xu          , Xu          , Xu          , Xu          , Xu          , Xu          , Xu          , Xu          , Xu          , Xu          , Xu          , Xu          , Xu          , Xu          , Xu          , Xu          , Xu          , Xu          , Xu          , Xu          , Xu          , Xu          , Uh          , Ur^Es       , Ur          , Uu^Em       , Uh          , Xu          , Xu          , Xu          , Xu          , Xu          , Xu          , Xu          , Xu          , Xu          , Xu          , Xu          , Wog         , Wog         , Xu          , Xu          , Xu          , Xu          , Xu          , Xu          , Xu          , Xu          , Xu          , Xu          , Xu          , Xu          , Xu          , Xu          , Xu          , Xu          , Xu          , Xu          , Xu          
Xu          , Xu          , Xu          , Xu          , Xu          , Xu          , Xu          , Xu          , Xu          , Xu          , Xu          , Xu          , Xu          , Xu          , Xu          , Xu          , Xu          , Xu          , Xu          , Xu          , Xu          , Xu          , Xu          , Xu          , Xu          , Wwg         , Wwg         , Xu          , Wwf         , Wwf         , Ur          , Ur          , Uu          , Uu^Em       , Xu          , Xu          , Xu          , Xu          , Xu          , Xu          , Xu          , Xu          , Xu          , Xu          , Xu          , Wwg         , Wwg         , Wog         , Xu          , Xu          , Xu          , Xu          , Xu          , Xu          , Xu          , Xu          , Xu          , Xu          , Xu          , Xu          , Xu          , Xu          , Xu          , Xu          , Xu          , Xu          , Xu          
Xu          , Xu          , Xu          , Xu          , Xu          , Xu          , Xu          , Xu          , Uu          , Uh          , Uu          , Xu          , Uh          , Xu          , Xu          , Xu          , Xu          , Xu          , Xu          , Xu          , Xu          , Xu          , Xu          , Xu          , Xu          , Xu          , Wwg         , Wwg         , Xu          , Wwf         , Ur          , Uu          , Xu          , Xu          , Xu          , Xu          , Xu          , Xu          , Xu          , Xu          , Xu          , Xu          , Xu          , Xu          , Wwf         , Wwg         , Wwg         , Xu          , Xu          , Xu          , Xue         , Xu          , Xu          , Xu          , Xu          , Xu          , Xu          , Xu          , Xu          , Xu          , Xu          , Xu          , Xu          , Xu          , Xu          , Xu          , Xu          
Uu          , Uu          , Uu          , Xu          , Uu          , Uu          , Xu          , Xu          , Uh          , Uh          , Ce          , Uu          , Uu          , Uu          , Xu          , Xu          , Xu          , Xu          , Xu          , Xu          , Xu          , Xu          , Xu          , Xu          , Xu          , Xu          , Xu          , Xu          , Xu          , Wwf         , Wwf         , Uu          , Wwf         , Xu          , Xu          , Xu          , Xu          , Xu          , Xu          , Xu          , Xue         , Xu          , Xu          , Rb^Uf       , Rb          , Wwf         , Wwf         , Xu          , Xu          , Xue         , Uue         , Xue         , Xue         , Xu          , Xu          , Xu          , Xu          , Xu          , Xu          , Xu          , Xu          , Xu          , Xu          , Xu          , Xu          , Xu          , Xu          
Xu          , Uu          , Xu          , Uu          , Uu          , Uu          , Uu          , Uu          , Uu          , Ce          , 1 Ke        , Ce          , Uu          , Xu          , Uu          , Xu          , Xu          , Xu          , Xu          , Xu          , Xu          , Xu          , Xu          , Xu          , Xu          , Xu          , Xu          , Xu          , Uu^Uf       , Ur          , Wwf         , Wwf         , Wwg         , Xu          , Xu          , Xu          , Xu          , Xu          , Xu          , Xue         , Rb          , Xue         , Rb          , Rb          , Rb^Uf       , Rb          , Xu          , Xu          , Uu          , Xue         , Uue         , Uue         , Xu          , Xu          , Xu          , Xu          , Xu          , Xu          , Xu          , Xu          , Xu          , Xu          , Xu          , Xu          , Xu          , Xu          , Xu          
Xu          , Xu          , Xu          , Xu          , Uh          , Uu          , Uh          , Uu          , Uu          , Uu          , Uu          , Ce          , Uu          , Uu          , Re          , Xu          , Xu          , Xu          , Uu          , Xu          , Xu          , Xu          , Xu          , Xu          , Xu          , Xu          , Uu^Vu       , Uu          , Ur          , Ur^Es       , Uu          , Xu          , Wwg         , Wwg         , Xu          , Xu          , Xu          , Xu          , Xu          , Xue         , Uue^Uf      , Uue         , Ur          , Re          , Xue         , Rb          , Xu          , Xu          , Rb          , Uu          , Xu          , Uu          , Xu          , Xu          , Xu          , Xu          , Xu          , Xu          , Xu          , Xu          , Xu          , Xu          , Xu          , Xu          , Xu          , Xu          , Xu          
Xu          , Xu          , Xu          , Xu          , Xu          , Uh          , Xu          , Uh          , Uu          , Uh          , Uh          , Uu          , Xu          , Uu          , Xu          , Re          , Xu          , Uh          , Uu          , Xu          , Xu          , Xu          , Uu          , Xu          , Cud         , Uu          , Uu          , Uu          , Ur^Es       , Uu          , Xu          , Xu          , Wwf         , Xu          , Xu          , Xu          , Re          , Xu          , Xu          , Xue         , Ur          , Ur          , Uue         , Uue         , Re          , Xu          , Re          , Rb          , Rb          , Uu          , Xu          , Xu          , Xu          , Xu          , Xu          , Xu          , Xu          , Xu          , Xu          , Xu          , Xu          , Xu          , Xu          , Xu          , Xu          , Xu          , Xu          
Xu          , Xu          , Xu          , Xu          , Xu          , Xu          , Xu          , Xu          , Xu          , Xu          , Xu          , Uu          , Xu          , Xu          , Xu          , Xu          , Xu          , Uu          , Uu^Uf       , Uh          , Xu          , Xu          , Uu          , Uu          , Uu          , Uu          , Ur          , Ur          , Uu          , Uu^Uf       , Xu          , Wwf         , Xu          , Xu          , Xu          , Xu          , Re          , Re          , Ur          , Ur          , Uue         , Ur          , Ur          , Ur          , Ur          , Ur          , Rb          , Xu          , Xu          , Xu          , Xu          , Xu          , Xu          , Xu          , Xu          , Xu          , Xu          , Xu          , Xu          , Xu          , Xu          , Xu          , Xu          , Xu          , Xu          , Xu          , Xu          
Xu          , Xu          , Xu          , Xu          , Xu          , Xu          , Xu          , Xu          , Xu          , Xu          , Xu          , Xu          , Xu          , Xu          , Xu          , Xu          , Xu          , Xu          , Uh          , Uh          , Uh          , Uu          , Uu          , Uu          , Cud         , Uu          , Ur          , Ur          , Uu          , Uu          , Wwg         , Wwg         , Wwf         , Uu          , Uu          , Re          , Re          , Ur          , Uue         , Ur          , Re          , Uue         , Re          , Uue         , Xue         , Re          , Xu          , Xu          , Xu          , Xu          , Xu          , Xu          , Xu          , Xu          , Xu          , Xu          , Xu          , Xu          , Xu          , Xu          , Xu          , Xu          , Xu          , Xu          , Xu          , Xu          , Xu          
Xu          , Xu          , Xu          , Xu          , Xu          , Xu          , Xu          , Xu          , Xu          , Xu          , Xu          , Xu          , Xu          , Xu          , Xu          , Xu          , Xu          , Xu          , Uu          , Uh          , Uu          , Uu          , Uu          , Xu          , Xu          , Xu          , Xu          , Wwf         , Wwf         , Uu^Vu       , Wwg         , Wwf         , Uu^Es       , Uu          , Uu          , Re          , Xu          , Xu          , Xu          , Xu          , Xu          , Re          , Xu          , Re          , Xu          , Xu          , Xu          , Xu          , Xu          , Xu          , Xu          , Xu          , Xu          , Xu          , Xu          , Xu          , Xu          , Xu          , Xu          , Xu          , Xu          , Xu          , Xu          , Xu          , Xu          , Xu          , Xu          
Xu          , Xu          , Xu          , Xu          , Xu          , Xu          , Xu          , Xu          , Xu          , Xu          , Xu          , Xu          , Xu          , Xu          , Xu          , Xu          , Xu          , Xu          , Xu          , Xu          , Xu          , Uu          , Xu          , Xu          , Xu          , Wwf         , Wwg         , Wwg         , Uu          , Wwf         , Wwf         , Uu          , Uu          , Uu          , Uu          , Uu          , Xu          , Xu          , Xu          , Xu          , Xu          , Xu          , Xu          , Xu          , Xu          , Xu          , Xu          , Xu          , Xu          , Xu          , Xu          , Xu          , Xu          , Xu          , Xu          , Xu          , Xu          , Xu          , Xu          , Xu          , Xu          , Xu          , Xu          , Xu          , Xu          , Xu          , Xu          
Xu          , Xu          , Xu          , Xu          , Xu          , Xu          , Xu          , Xu          , Xu          , Xu          , Xu          , Xu          , Xu          , Xu          , Xu          , Xu          , Xu          , Xu          , Xu          , Xu          , Xu          , Xu          , Xu          , Xu          , Xu          , Wwg         , Xu          , Xu          , Uu          , Uu          , Cud         , Uu          , Uu          , Xu          , Xu          , Xu          , Xu          , Xu          , Xu          , Xu          , Xu          , Xu          , Xu          , Xu          , Xu          , Xu          , Xu          , Xu          , Xu          , Xu          , Xu          , Xu          , Xu          , Xu          , Xu          , Xu          , Xu          , Xu          , Xu          , Xu          , Xu          , Xu          , Xu          , Xu          , Xu          , Xu          , Xu          
Xu          , Xu          , Xu          , Xu          , Xu          , Xu          , Xu          , Xu          , Xu          , Xu          , Xu          , Xu          , Xu          , Xu          , Xu          , Xu          , Xu          , Xu          , Xu          , Xu          , Qxu         , Xu          , Xu          , Xu          , Wwg         , Wwg         , Xu          , Uu          , Uu          , Cud         , Kud         , Cud         , Uu          , Uu          , Uu          , Xu          , Xu          , Xu          , Xu          , Xu          , Xu          , Xu          , Xu          , Xu          , Xu          , Xu          , Xue         , Xu          , Xue         , Xu          , Xu          , Xu          , Xu          , Xu          , Xu          , Xu          , Xu          , Xu          , Xu          , Xu          , Xu          , Xu          , Xu          , Xu          , Xu          , Xu          , Xu          
Xu          , Xu          , Xu          , Xu          , Xu          , Xu          , Xu          , Xu          , Xu          , Xu          , Xu          , Xu          , Xu          , Xu          , Xu          , Xu          , Xu          , Xu          , Xu          , Qxu         , Qxu         , Qxu         , Qxu         , Qxu         , Qxu         , Wwg         , Xu          , Uu          , Uu          , Cud         , Ur          , Cud         , Uu          , Uu          , Uh          , Xu          , Xu          , Xu          , Xu          , Xu          , Xu          , Xu          , Qxu         , Xu          , Xu          , Xue         , Uue         , Xue         , Uue^Uf      , Xue         , Xue         , Xu          , Xu          , Xu          , Xu          , Xu          , Xu          , Xu          , Xu          , Xu          , Xu          , Xu          , Xu          , Xu          , Xu          , Xu          , Xu          
Xu          , Xu          , Xu          , Xu          , Xu          , Xu          , Xu          , Xu          , Xu          , Xu          , Xu          , Xu          , Xu          , Xu          , Xu          , Xu          , Xu          , Xu          , Xu          , Qxu         , Qxu         , Xu          , Qxu         , Xu          , Xu          , Xu          , Xu          , Xu          , Uu          , Uu          , Uu          , Ur          , Uu          , Uh          , Uh          , Xu          , Xu          , Xu          , Xu          , Xu          , Qxu         , Xu          , Qxu         , Xu          , Xu          , Xue         , Xue         , Rb^Em       , Rb          , Uue         , Xu          , Xu          , Xu          , Xu          , Xu          , Xu          , Xu          , Xu          , Wog         , Xu          , Xu          , Xu          , Xu          , Xu          , Xu          , Xu          , Xu          
Xu          , Xu          , Xu          , Xu          , Xu          , Xu          , Xu          , Xu          , Xu          , Xu          , Uu          , Xu          , Uu          , Xu          , Xu          , Xu          , Uu          , Qxu         , Qxu         , Qxu         , Qxu         , Xu          , Xu          , Xu          , Wwf         , Wwf         , Xu          , Xu          , Xu          , Xu          , Xu          , Ur          , Ur          , Uh          , Uu          , Uh          , Xu          , Xu          , Xu          , Xu          , Qxu         , Qxu         , Xu          , Xu          , Rb          , Wwf         , Wwg         , Wwf         , Rb^Em       , Xu          , Xu          , Xu          , Xu          , Xu          , Xu          , Xu          , Wog         , Xu          , Wwg         , Wog         , Wwg         , Xu          , Wog         , Wog         , Xu          , Xu          , Xu          
Xu          , Xu          , Xu          , Xu          , Xu          , Xu          , Xu          , Xu          , Xu          , Uu          , Uu          , Uu          , Uu          , Uu          , Uu          , Xu          , Uu          , Qxu         , Qxu         , Qxu         , Xu          , Xu          , Xu          , Xu          , Wwf         , Qxu         , Qxu         , Xu          , Xu          , Xu          , Uu          , Uu          , Uu          , Uu          , Uu          , Uu          , Uu          , Xu          , Xu          , Qxu         , Qxu         , Qxu         , Wwf         , Xu          , Wwf         , Wwg         , Wwg         , Wwg         , Wwf         , Xu          , Wwf         , Xu          , Xu          , Xu          , Wwg         , Wog         , Wwg         , Wwg         , Wwg         , Wwg         , Wwg         , Wwg         , Wwg         , Wwg         , Wwg         , Xu          , Xu          
Xu          , Xu          , Xu          , Xu          , Xu          , Xu          , Xu          , Xu          , Xu          , Uu          , Uu          , Qxu         , Qxu         , Uu          , Qxu         , Uu          , Qxu         , Qxu         , Qxu         , Qxu         , Ql          , Xu          , Xu          , Xu          , Xu          , Xu          , Qxu         , Xu          , Xu          , Xu          , Xu          , Xu          , Uh          , Uh          , Uu          , Uu          , Qxu         , Xu          , Qxu         , Qxu         , Xu          , Wwf         , Re^Uf       , Wwf         , Rb          , Rb^Em       , Rb^Uf       , Xu          , Wwf         , Wwf         , Xu          , Wwf         , Xu          , Xu          , Wwg         , Wwg         , Uu          , Wwg         , Uu          , Wwf         , Uh          , Wwg         , Uh          , Wwg         , Wog         , Xu          , Xu          
Xu          , Xu          , Xu          , Xu          , Xu          , Xu          , Uu          , Uu          , Uu          , Uu          , Qxu         , Qxu         , Qxu         , Qxu         , Qxu         , Qxu         , Qxu         , Qxu         , Qxu         , Ql          , Xu          , Xu          , Xu          , Xu          , Xu          , Qxu         , Qxu         , Qxu         , Xu          , Xu          , Xu          , Xu          , Xu          , Uh          , Uu          , Uu          , Uu          , Qxu         , Qxu         , Qxu         , Qxu         , Xu          , Rb^Em       , Rb          , Xue         , Uue         , Xu          , Xu          , Xu          , Xu          , Xu          , Xu          , Xu          , Wwg         , Wwg         , Wwf         , Uu          , Uu          , Cud         , Uu          , Uu          , Uh          , Wwf         , Wwg         , Wog         , Wog         , Xu          
Xu          , Xu          , Xu          , Xu          , Xu          , Xu          , Uu          , Qxu         , Qxu         , Uu          , Qxu         , Qxu         , Ur          , Qxu         , Qxu         , Qxu         , Uu          , Qxu         , Uu          , Ql          , Ql          , Xu          , Xu          , Xu          , Xu          , Qxu         , Qxu         , Xu          , Xu          , Xu          , Qxu         , Xu          , Qxu         , Qxu         , Qxu         , Uu          , Uu          , Qxu         , Uu          , Qxu         , Qxu         , Xue         , Uue         , Uue         , Xue         , Xu          , Uu          , Xu          , Qxu         , Xu          , Xu          , Xu          , Xu          , Wwg         , Wwf         , Uu          , Uu          , Cud         , Kud         , Cud         , Uu          , Uu          , Uh          , Wwg         , Wwg         , Xu          , Xu          
Xu          , Xu          , Xu          , Xu          , Xu          , Xu          , Qxu         , Qxu         , Qxu         , Qxu         , Qxu         , Qxu         , Ur          , Ur          , Ur          , Uu          , Xu          , Uu          , Xu          , Xu          , Ql          , Ql          , Xu          , Xu          , Xu          , Xu          , Qxu         , Qxu         , Qxu         , Xu          , Qxu         , Qxu         , Qxu         , Qxu         , Uu          , Uu          , Uu          , Uu          , Uu          , Uu          , Uu          , Uu          , Xu          , Xu          , Xu          , Xu          , Qxu         , Qxu         , Xu          , Xu          , Xu          , Wog         , Wwg         , Wwg         , Uh          , Uu          , Ur          , Cud         , Cud         , Cud         , Uu          , Uu          , Wwf         , Wwg         , Wwg         , Xu          , Xu          
Xu          , Xu          , Xu          , Xu          , Xu          , Xu          , Qxu         , Qxu         , Qxu         , Qxu         , Qxu         , Ur          , Ur          , Ur          , Re          , Re          , Xu          , Uu          , Xu          , Ql          , Ql          , Xu          , Xu          , Xu          , Xu          , Xu          , Xu          , Qxu         , Qxu         , Qxu         , Qxu         , Xu          , Qxu         , Uu          , Uu          , Uu          , Uu          , Uu          , Uu          , Qxu         , Qxu         , Qxu         , Qxu         , Qxu         , Qxu         , Qxu         , Qxu         , Xu          , Xu          , Xu          , Xu          , Wog         , Wog         , Wwg         , Uu          , Uu          , Ur          , Ur          , Ur          , Ur          , Uu          , Uh          , Wwg         , Wwg         , Xu          , Wog         , Xu          
Xu          , Xu          , Xu          , Xu          , Xu          , Qxu         , Qxu         , Qxu         , Uu          , Uu          , Re          , Uu          , Ur          , Ur          , Uu          , Uu          , Uu          , Xu          , Ql          , Ql          , Xu          , Ql          , Xu          , Uu          , Uu          , Xu          , Xu          , Qxu         , Xu          , Qxu         , Xu          , Qxu         , Qxu         , Qxu         , Uu          , Uu          , Uu          , Uu          , Uu          , Qxu         , Qxu         , Qxu         , Qxu         , Qxu         , Xu          , Qxu         , Xu          , Xu          , Xu          , Xu          , Xu          , Wog         , Xu          , Uu          , Ur          , Ur          , Ur          , Ur          , Ur          , Ur          , Uu          , Wwg         , Wwg         , Wog         , Xu          , Xu          , Xu          
Xu          , Xu          , Xu          , Xu          , Qxu         , Xu          , Qxu         , Qxu         , Xu          , Xu          , Xu          , Re          , Uu          , Ur          , Ur          , Re          , Xu          , Xu          , Xu          , Ql          , Xu          , Xu          , Uu          , Uu          , Uu          , Xu          , Xu          , Xu          , Uu          , Xu          , Uu          , Xu          , Uu          , Uu          , Uu          , Uu          , Uu          , Qxu         , Uu          , Uu          , Wwf         , Wwf         , Xue         , Uue         , Xu          , Xu          , Xu          , Xu          , Xu          , Xu          , Xu          , Xu          , Xu          , Xu          , Ur          , Ur          , Ur          , Uu          , Uu          , Uu          , Uu          , Uu          , Uu          , Xu          , Xu          , Xu          , Xu          
Xu          , Xu          , Xu          , Xu          , Qxu         , Qxu         , Qxu         , Qxu         , Xu          , Xu          , Xu          , Uu          , Re          , Re          , Ur          , Ur          , Ur          , Xu          , Ql          , Ql          , Ql          , Xu          , Uu          , Uu          , Xu          , Xu          , Xu          , Xu          , Uu          , Uu          , Uu          , Uu          , Uu          , Uu          , Xu          , Qxu         , Qxu         , Qxu         , Xue         , Rb          , Rb^Em       , Wwf         , Xue         , Xue         , Xue         , Xu          , Xu          , Xu          , Xu          , Xu          , Xu          , Xu          , Xu          , Uu          , Ur          , Ur          , Uu          , Xu          , Uu          , Uu          , Uu          , Xu          , Xu          , Xu          , Xu          , Xu          , Xu          
Qxu         , Qxu         , Xu          , Xu          , Qxu         , Qxu         , Xu          , Qxu         , Xu          , Xu          , Xu          , Xu          , Uu          , Re          , Xu          , Re          , Re^Xo       , Xu          , Ql          , Ql          , Xu          , Xu          , Xu          , Uu          , Qlf         , Qlf         , Qlf         , Xu          , Uu          , Uu          , Uu          , Uu          , Xu          , Uu          , Xu          , Qxu         , Qxu         , Xu          , Xu          , Xue         , Wwf         , Wwg         , Wwf         , Rb^Em       , Xu          , Xu          , Xu          , Xu          , Xu          , Xu          , Xu          , Uu          , Uu          , Ur          , Ur          , Ur          , Xu          , Xu          , Xu          , Xu          , Xu          , Xu          , Xu          , Xu          , Xu          , Xu          , Xu          
Xu          , Qxu         , Qxu         , Qxu         , Qxu         , Qxu         , Ql          , Ql          , Ql          , Xu          , Xu          , Xu          , Xu          , Xu          , Xu          , Xu          , Rd          , Rd          , Rd          , Ql          , Ql          , Xu          , Ql          , Uu          , Uu          , Qlf         , Qlf         , Uu          , Uu          , Uu          , Xu          , Uu          , Xu          , Xu          , Xu          , Xu          , Qxu         , Qxu         , Xu          , Xue         , Rb          , Wwf         , Xue         , Rb^Em       , Xu          , Xu          , Xu          , Xu          , Xu          , Uh          , Uh          , Uu^Vu       , Ur          , Ur          , Uu          , Uu          , Xu          , Xu          , Xu          , Xu          , Xu          , Xu          , Xu          , Xu          , Xu          , Xu          , Xu          
Xu          , Qxu         , Qxu         , Qxu         , Qxu         , Xu          , Xu          , Xu          , Ql          , Xu          , Xu          , Xu          , Xu          , Xu          , Xu          , Xu          , Rd          , Rd          , Ql          , Ql          , Ql          , Ql          , Uu          , Ql          , Uu          , Uu          , Uu          , Uu          , Uu          , Xu          , Xu          , Xu          , Xue         , Xue         , Xue         , Xu          , Xu          , Qxu         , Xu          , Xu          , Xu          , Rb          , Xu          , Xu          , Uu^Vu       , Uh          , Xu          , Xu          , Uu^Vu       , Uu          , Uu          , Uu          , Ur          , Ur          , Uu          , Uu          , Xu          , Xu          , Xu          , Xu          , Xu          , Xu          , Xu          , Xu          , Xu          , Xu          , Xu          
Xu          , Xu          , Xu          , Xu          , Xu          , Xu          , Xu          , Xu          , Ql          , Ql          , Ql          , Ql          , Ql          , Xu          , Xu          , Rd          , Ql          , Rd          , Rd          , Ql          , Ql          , Uu          , Uu          , Uu          , Uu          , Uu          , Uu          , Uu          , Uu          , Xu          , Xue         , Xue         , Uue^Em      , Rb^Es       , Wwg         , Xue         , Xu          , Qxu         , Xu          , Xu          , Xu          , Xu          , Xu          , Uh          , Uh          , Uh          , Uu          , Ur          , Uu          , Uu          , Uu          , Ur          , Ur          , Uu          , Uh          , Xu          , Xu          , Xu          , Xu          , Xu          , Xu          , Xu          , Xu          , Xu          , Xu          , Xu          , Xu          
Xu          , Xu          , Xu          , Xu          , Xu          , Xu          , Ql          , Xu          , Xu          , Ql          , Xu          , Ql          , Ql          , Xu          , Xu          , Xu          , Ql          , Ql          , Ql          , Uu          , Uu          , Uu          , Uu          , Qlf         , Qlf         , Qlf         , Qlf         , Uu          , Uu          , Uu          , Uue         , Uue         , Uu^Em       , Rb^Em       , Uue^Em      , Xu          , Xu          , Xu          , Xu          , Xu          , Xu          , Xu          , Xu          , Uh          , Xu          , Uh          , Uh          , Ur          , Ur          , Uu          , Ur          , Ur          , Uu          , Uu          , Uu          , Uh          , Xu          , Xu          , Xu          , Xu          , Xu          , Xu          , Xu          , Xu          , Xu          , Xu          , Xu          
Xu          , Xu          , Xu          , Xu          , Xu          , Xu          , Ql          , Ql          , Ql          , Ql          , Xu          , Xu          , Ql          , Ql          , Ql          , Ql          , Ql          , Ql          , Ql          , Uu          , Uu          , Uu          , Uu          , Uu          , Qlf         , Qlf         , Qlf         , Uu          , Qlf         , Uu          , Xu          , Xu          , Xue         , Rb^Es       , Xue         , Xue         , Xu          , Xu          , Xu          , Xu          , Xu          , Xu          , Xu          , Xu          , Xu          , Uu          , Uh          , Uu          , Ur          , Ur          , Ur          , Ur          , Ur          , Uh          , Uh          , Xu          , Xu          , Xu          , Xu          , Xu          , Xu          , Xu          , Xu          , Xu          , Xu          , Xu          , Xu          
Xu          , Xu          , Xu          , Xu          , Xu          , Xu          , Xu          , Ql          , Xu          , Ql          , Xu          , Xu          , Xu          , Xu          , Ql          , Xu          , Ql          , Ql          , Ql          , Ql          , Ql          , Ql          , Uu          , Uu          , Uu          , Uu          , Qlf         , Qlf         , Uu          , Qlf         , Xu          , Xu          , Xu          , Xu          , Xu          , Xu          , Xu          , Xu          , Xu          , Xu          , Xu          , Xu          , Xu          , Xu          , Xu          , Xu          , Uu          , Uu          , Ur          , Ur          , Uu          , Uu          , Uu^Vu       , Ur          , Uh          , Xu          , Uh          , Xu          , Xu          , Xu          , Xu          , Xu          , Xu          , Xu          , Xu          , Xu          , Xu          
Xu          , Xu          , Xu          , Xu          , Xu          , Xu          , Xu          , Xu          , Xu          , Xu          , Xu          , Ql          , Ql          , Ql          , Ql          , Ql          , Ql          , Xu          , Xu          , Ql          , Ql          , Ql          , Ql          , Uu          , Uu          , Uu          , Uu          , Uu          , Uu          , Uu          , Qlf         , Xu          , Xu          , Xu          , Xu          , Xu          , Xu          , Xu          , Xu          , Xu          , Xu          , Xu          , Xu          , Xu          , Xu          , Uu          , Ur          , Ur          , Uu          , Ur          , Uu^Vu       , Uh          , Uu          , Uh          , Uh          , Uu^Vu       , Uh          , Xu          , Xu          , Xu          , Xu          , Xu          , Xu          , Xu          , Xu          , Xu          , Xu          
Xu          , Xu          , Xu          , Xu          , Xu          , Xu          , Xu          , Xu          , Xu          , Ql          , Ql          , Ql          , Ql          , Ql          , Xu          , Xu          , Xu          , Xu          , Ql          , Ql          , Ql          , Ql          , Uu          , Uu          , Uu          , Uu          , Uu          , Uu          , Uu          , Uu          , Qlf         , Qlf         , Qlf         , Xu          , Xu          , Xu          , Xu          , Xu          , Xu          , Xu          , Xu          , Xu          , Uh          , Uu          , Uu          , Ur          , Uu          , Xu          , Xu          , Uu          , Uu          , Uh          , Xu          , Uh          , Xu          , Uh          , Uh          , Xu          , Xu          , Xu          , Xu          , Xu          , Xu          , Xu          , Xu          , Xu          , Xu          
Xu          , Xu          , Xu          , Xu          , Xu          , Xu          , Xu          , Xu          , Xu          , Ql          , Xu          , Ql          , Ql          , Xu          , Xu          , Xu          , Ql          , Xu          , Ql          , Xu          , Xu          , Ql          , Uu          , Ql          , Ql          , Ql          , Ql          , Ql          , Uu          , Uu          , Uu          , Qlf         , Qlf         , Qlf         , Xu          , Xu          , Xu          , Xu          , Xu          , Xu          , Xu          , Uh          , Uh          , Uu          , Xu          , Ur          , Uu          , Xu          , Xu          , Uh          , Uh          , Xu          , Xu          , Uh          , Xu          , Xu          , Xu          , Xu          , Xu          , Xu          , Xu          , Xu          , Xu          , Xu          , Xu          , Xu          , Xu          
Xu          , Xu          , Xu          , Xu          , Xu          , Xu          , Xu          , Xu          , Xu          , Xu          , Xu          , Xu          , Ql          , Ql          , Xu          , Xu          , Ql          , Ql          , Xu          , Xu          , Rb^Em       , Uu          , Xu          , Ql          , Ql          , Ql          , Ql          , Ql          , Uu          , Uu          , Uu          , Uu          , Qlf         , Qlf         , Xu          , Xu          , Qlf         , Xu          , Xu          , Xu          , Xu          , Xu          , Uu          , Uu          , Ur          , Ur          , Uu          , Uu          , Xu          , Xu          , Xu          , Xu          , Xu          , Xu          , Xu          , Xu          , Xu          , Xu          , Xu          , Xu          , Xu          , Xu          , Xu          , Xu          , Xu          , Xu          , Xu          
Xu          , Xu          , Xu          , Xu          , Xu          , Xu          , Xu          , Xu          , Xu          , Xu          , Xu          , Xu          , Xu          , Xu          , Xu          , Xu          , Ql          , Ql          , Xu          , Rb^Emf      , Wwg         , Rb          , Xu          , Xu          , Xu          , Xu          , Xu          , Ql          , Ql          , Ql          , Ql          , Uu          , Uu          , Uu          , Uu          , Qlf         , Qlf         , Qlf         , Qlf         , Qlf         , Qlf         , Uu          , Ur          , Ur          , Uh          , Uu          , Uu          , Xu          , Xu          , Xu          , Xu          , Xu          , Xu          , Xu          , Xu          , Xu          , Xu          , Xu          , Xu          , Xu          , Xu          , Xu          , Xu          , Xu          , Xu          , Xu          , Xu          
Xu          , Xu          , Xu          , Xu          , Xu          , Xu          , Xu          , Xu          , Xu          , Xu          , Xu          , Xu          , Xu          , Xu          , Xu          , Ql          , Xu          , Xu          , Xu          , Rb^Emf      , Rb^Em       , Rb^Emf      , Xu          , Xu          , Xu          , Xu          , Xu          , Xu          , Xu          , Xu          , Ql          , Uu          , Uu          , Uu          , Uu          , Uu          , Qlf         , Uu          , Uu          , Qlf         , Uu          , Ur          , Uu          , Uu          , Uh          , Uh          , Xu          , Xu          , Xu          , Xu          , Xu          , Xu          , Xu          , Xu          , Xu          , Xu          , Xu          , Xu          , Xu          , Xu          , Xu          , Xu          , Xu          , Xu          , Xu          , Xu          , Xu          
Xu          , Xu          , Xu          , Xu          , Xu          , Xu          , Xu          , Xu          , Xu          , Xu          , Xu          , Xu          , Xu          , Xu          , Xu          , Xu          , Xu          , Xu          , Xu          , Xu          , Xu          , Xu          , Xu          , Xu          , Xu          , Xu          , Xu          , Xu          , Xu          , Xu          , Ql          , Ql          , Ql          , Ql          , Uu          , Uu          , Uu          , Uu          , Uu          , Uu          , Uu          , Uu          , Uu          , Xu          , Xu          , Xu          , Xu          , Xu          , Xu          , Xu          , Xu          , Xu          , Xu          , Xu          , Xu          , Xu          , Xu          , Xu          , Xu          , Xu          , Xu          , Xu          , Xu          , Xu          , Xu          , Xu          , Xu          
Xu          , Xu          , Xu          , Xu          , Xu          , Xu          , Xu          , Xu          , Xu          , Xu          , Xu          , Xu          , Xu          , Xu          , Xu          , Xu          , Xu          , Xu          , Xu          , Xu          , Xu          , Xu          , Xu          , Xu          , Xu          , Xu          , Xu          , Xu          , Xu          , Ql          , Ql          , Ql          , Ql          , Ql          , Xu          , Uu          , Uu          , Uu          , Uu          , Uu          , Qlf         , Xu          , Xu          , Xu          , Xu          , Xu          , Xu          , Xu          , Xu          , Xu          , Xu          , Xu          , Xu          , Xu          , Xu          , Xu          , Xu          , Xu          , Xu          , Xu          , Xu          , Xu          , Xu          , Xu          , Xu          , Xu          , Xu          
Xu          , Xu          , Xu          , Xu          , Xu          , Xu          , Xu          , Xu          , Xu          , Xu          , Xu          , Xu          , Xu          , Xu          , Xu          , Xu          , Xu          , Xu          , Xu          , Xu          , Xu          , Xu          , Xu          , Xu          , Xu          , Xu          , Xu          , Xu          , Xu          , Xu          , Xu          , Xu          , Xu          , Xu          , Xu          , Uu          , Xu          , Uu          , Uu          , Uu          , Qlf         , Qlf         , Xu          , Xu          , Xu          , Xu          , Xu          , Xu          , Xu          , Xu          , Xu          , Xu          , Xu          , Xu          , Xu          , Xu          , Xu          , Xu          , Xu          , Xu          , Xu          , Xu          , Xu          , Xu          , Xu          , Xu          , Xu          
Xu          , Xu          , Xu          , Xu          , Xu          , Xu          , Xu          , Xu          , Xu          , Xu          , Xu          , Xu          , Xu          , Xu          , Xu          , Xu          , Xu          , Xu          , Xu          , Xu          , Xu          , Xu          , Xu          , Xu          , Xu          , Xu          , Xu          , Xu          , Xu          , Xu          , Xu          , Xu          , Xu          , Xu          , Xu          , Xu          , Xu          , Xu          , Xu          , Qlf         , Qlf         , Qlf         , Qlf         , Xu          , Xu          , Xu          , Xu          , Xu          , Xu          , Xu          , Xu          , Xu          , Xu          , Xu          , Xu          , Xu          , Xu          , Xu          , Xu          , Xu          , Xu          , Xu          , Xu          , Xu          , Xu          , Xu          , Xu          
Xu          , Xu          , Xu          , Xu          , Xu          , Xu          , Xu          , Xu          , Xu          , Xu          , Xu          , Xu          , Xu          , Xu          , Xu          , Xu          , Xu          , Xu          , Xu          , Xu          , Xu          , Xu          , Xu          , Xu          , Xu          , Xu          , Xu          , Xu          , Xu          , Xu          , Xu          , Xu          , Xu          , Xu          , Xu          , Xu          , Xu          , Xu          , Xu          , Qlf         , Xu          , Qlf         , Xu          , Xu          , Xu          , Xu          , Xu          , Xu          , Xu          , Xu          , Xu          , Xu          , Xu          , Xu          , Xu          , Xu          , Xu          , Xu          , Xu          , Xu          , Xu          , Xu          , Xu          , Xu          , Xu          , Xu          , Xu          
Xu          , Xu          , Xu          , Xu          , Xu          , Xu          , Xu          , Xu          , Xu          , Xu          , Xu          , Xu          , Xu          , Xu          , Xu          , Xu          , Xu          , Xu          , Xu          , Xu          , Xu          , Xu          , Xu          , Xu          , Xu          , Xu          , Xu          , Xu          , Xu          , Xu          , Xu          , Xu          , Xu          , Xu          , Xu          , Xu          , Xu          , Xu          , Xu          , Xu          , Xu          , Xu          , Xu          , Xu          , Xu          , Xu          , Xu          , Xu          , Xu          , Xu          , Xu          , Xu          , Xu          , Xu          , Xu          , Xu          , Xu          , Xu          , Xu          , Xu          , Xu          , Xu          , Xu          , Xu          , Xu          , Xu          , Xu          
Xu          , Xu          , Xu          , Xu          , Xu          , Xu          , Xu          , Xu          , Xu          , Xu          , Xu          , Xu          , Xu          , Xu          , Xu          , Xu          , Xu          , Xu          , Xu          , Xu          , Xu          , Xu          , Xu          , Xu          , Xu          , Xu          , Xu          , Xu          , Xu          , Xu          , Xu          , Xu          , Xu          , Xu          , Xu          , Xu          , Xu          , Xu          , Xu          , Xu          , Xu          , Xu          , Xu          , Xu          , Xu          , Xu          , Xu          , Xu          , Xu          , Xu          , Xu          , Xu          , Xu          , Xu          , Xu          , Xu          , Xu          , Xu          , Xu          , Xu          , Xu          , Xu          , Xu          , Xu          , Xu          , Xu          , Xu          
Xu          , Xu          , Xu          , Xu          , Xu          , Xu          , Xu          , Xu          , Xu          , Xu          , Xu          , Xu          , Xu          , Xu          , Xu          , Xu          , Xu          , Xu          , Xu          , Xu          , Xu          , Xu          , Xu          , Xu          , Xu          , Xu          , Xu          , Xu          , Xu          , Xu          , Xu          , Xu          , Xu          , Xu          , Xu          , Xu          , Xu          , Xu          , Xu          , Xu          , Xu          , Xu          , Xu          , Xu          , Xu          , Xu          , Xu          , Xu          , Xu          , Xu          , Xu          , Xu          , Xu          , Xu          , Xu          , Xu          , Xu          , Xu          , Xu          , Xu          , Xu          , Xu          , Xu          , Xu          , Xu          , Xu          , Xu          
